[2025-04-07 22:02:28] Destrutor chamado - fechando conexão
Backtrace:
#0 C:\xampp\htdocs\subrider\connection\Database.php(329): Database->getDebugBacktrace()
#1 C:\xampp\htdocs\subrider\connection\Database.php(309): Database->logDebug()

[2025-04-07 22:04:18] Destrutor chamado - fechando conexão
Backtrace:
#0 C:\xampp\htdocs\subrider\connection\Database.php(334): Database->getDebugBacktrace()
#1 C:\xampp\htdocs\subrider\connection\Database.php(311): Database->logDebug()

[2025-04-07 22:04:32] Destrutor chamado - fechando conexão
Backtrace:
#0 C:\xampp\htdocs\subrider\connection\Database.php(334): Database->getDebugBacktrace()
#1 C:\xampp\htdocs\subrider\connection\Database.php(311): Database->logDebug()

[2025-04-07 22:06:05] Destrutor chamado - fechando conexão
Backtrace:
#0 C:\xampp\htdocs\subrider\connection\Database.php(333): Database->getDebugBacktrace()
#1 C:\xampp\htdocs\subrider\connection\Database.php(310): Database->logDebug()

[2025-04-07 22:06:12] Destrutor chamado - fechando conexão
Backtrace:
#0 C:\xampp\htdocs\subrider\connection\Database.php(333): Database->getDebugBacktrace()
#1 C:\xampp\htdocs\subrider\connection\Database.php(310): Database->logDebug()

[2025-04-07 22:06:12] Conexão fechada com sucesso
Backtrace:
#0 C:\xampp\htdocs\subrider\connection\Database.php(333): Database->getDebugBacktrace()
#1 C:\xampp\htdocs\subrider\connection\Database.php(284): Database->logDebug()
#2 C:\xampp\htdocs\subrider\connection\Database.php(311): Database->close()

[2025-04-08 09:36:04] Destrutor chamado - fechando conexão
Backtrace:
#0 C:\xampp\htdocs\subrider\connection\Database.php(333): Database->getDebugBacktrace()
#1 C:\xampp\htdocs\subrider\connection\Database.php(310): Database->logDebug()

[2025-04-08 09:36:04] Conexão fechada com sucesso
Backtrace:
#0 C:\xampp\htdocs\subrider\connection\Database.php(333): Database->getDebugBacktrace()
#1 C:\xampp\htdocs\subrider\connection\Database.php(284): Database->logDebug()
#2 C:\xampp\htdocs\subrider\connection\Database.php(311): Database->close()

[2025-04-08 09:36:08] Destrutor chamado - fechando conexão
Backtrace:
#0 C:\xampp\htdocs\subrider\connection\Database.php(333): Database->getDebugBacktrace()
#1 C:\xampp\htdocs\subrider\connection\Database.php(310): Database->logDebug()

[2025-04-08 09:36:08] Conexão fechada com sucesso
Backtrace:
#0 C:\xampp\htdocs\subrider\connection\Database.php(333): Database->getDebugBacktrace()
#1 C:\xampp\htdocs\subrider\connection\Database.php(284): Database->logDebug()
#2 C:\xampp\htdocs\subrider\connection\Database.php(311): Database->close()

[2025-04-08 09:36:10] Destrutor chamado - fechando conexão
Backtrace:
#0 C:\xampp\htdocs\subrider\connection\Database.php(333): Database->getDebugBacktrace()
#1 C:\xampp\htdocs\subrider\connection\Database.php(310): Database->logDebug()

[2025-04-08 09:36:10] Conexão fechada com sucesso
Backtrace:
#0 C:\xampp\htdocs\subrider\connection\Database.php(333): Database->getDebugBacktrace()
#1 C:\xampp\htdocs\subrider\connection\Database.php(284): Database->logDebug()
#2 C:\xampp\htdocs\subrider\connection\Database.php(311): Database->close()

[2025-04-08 09:36:12] Destrutor chamado - fechando conexão
Backtrace:
#0 C:\xampp\htdocs\subrider\connection\Database.php(333): Database->getDebugBacktrace()
#1 C:\xampp\htdocs\subrider\connection\Database.php(310): Database->logDebug()

[2025-04-08 09:36:12] Conexão fechada com sucesso
Backtrace:
#0 C:\xampp\htdocs\subrider\connection\Database.php(333): Database->getDebugBacktrace()
#1 C:\xampp\htdocs\subrider\connection\Database.php(284): Database->logDebug()
#2 C:\xampp\htdocs\subrider\connection\Database.php(311): Database->close()

[2025-04-08 10:33:48] Destrutor chamado - fechando conexão
Backtrace:
#0 C:\xampp\htdocs\subrider\connection\Database.php(333): Database->getDebugBacktrace()
#1 C:\xampp\htdocs\subrider\connection\Database.php(310): Database->logDebug()

[2025-04-08 10:33:48] Conexão fechada com sucesso
Backtrace:
#0 C:\xampp\htdocs\subrider\connection\Database.php(333): Database->getDebugBacktrace()
#1 C:\xampp\htdocs\subrider\connection\Database.php(284): Database->logDebug()
#2 C:\xampp\htdocs\subrider\connection\Database.php(311): Database->close()

[2025-04-08 10:33:51] Destrutor chamado - fechando conexão
Backtrace:
#0 C:\xampp\htdocs\subrider\connection\Database.php(333): Database->getDebugBacktrace()
#1 C:\xampp\htdocs\subrider\connection\Database.php(310): Database->logDebug()

[2025-04-08 10:33:51] Conexão fechada com sucesso
Backtrace:
#0 C:\xampp\htdocs\subrider\connection\Database.php(333): Database->getDebugBacktrace()
#1 C:\xampp\htdocs\subrider\connection\Database.php(284): Database->logDebug()
#2 C:\xampp\htdocs\subrider\connection\Database.php(311): Database->close()

[2025-04-08 10:33:55] Destrutor chamado - fechando conexão
Backtrace:
#0 C:\xampp\htdocs\subrider\connection\Database.php(333): Database->getDebugBacktrace()
#1 C:\xampp\htdocs\subrider\connection\Database.php(310): Database->logDebug()

[2025-04-08 10:33:55] Conexão fechada com sucesso
Backtrace:
#0 C:\xampp\htdocs\subrider\connection\Database.php(333): Database->getDebugBacktrace()
#1 C:\xampp\htdocs\subrider\connection\Database.php(284): Database->logDebug()
#2 C:\xampp\htdocs\subrider\connection\Database.php(311): Database->close()

[2025-04-08 10:34:01] Destrutor chamado - fechando conexão
Backtrace:
#0 C:\xampp\htdocs\subrider\connection\Database.php(333): Database->getDebugBacktrace()
#1 C:\xampp\htdocs\subrider\connection\Database.php(310): Database->logDebug()

[2025-04-08 10:34:01] Conexão fechada com sucesso
Backtrace:
#0 C:\xampp\htdocs\subrider\connection\Database.php(333): Database->getDebugBacktrace()
#1 C:\xampp\htdocs\subrider\connection\Database.php(284): Database->logDebug()
#2 C:\xampp\htdocs\subrider\connection\Database.php(311): Database->close()

[2025-04-08 10:34:11] Destrutor chamado - fechando conexão
Backtrace:
#0 C:\xampp\htdocs\subrider\connection\Database.php(333): Database->getDebugBacktrace()
#1 C:\xampp\htdocs\subrider\connection\Database.php(310): Database->logDebug()

[2025-04-08 10:34:14] Destrutor chamado - fechando conexão
Backtrace:
#0 C:\xampp\htdocs\subrider\connection\Database.php(333): Database->getDebugBacktrace()
#1 C:\xampp\htdocs\subrider\connection\Database.php(310): Database->logDebug()

[2025-04-08 10:34:14] Conexão fechada com sucesso
Backtrace:
#0 C:\xampp\htdocs\subrider\connection\Database.php(333): Database->getDebugBacktrace()
#1 C:\xampp\htdocs\subrider\connection\Database.php(284): Database->logDebug()
#2 C:\xampp\htdocs\subrider\connection\Database.php(311): Database->close()

[2025-04-08 10:34:30] Destrutor chamado - fechando conexão
Backtrace:
#0 C:\xampp\htdocs\subrider\connection\Database.php(333): Database->getDebugBacktrace()
#1 C:\xampp\htdocs\subrider\connection\Database.php(310): Database->logDebug()

[2025-04-08 15:34:32] Destrutor chamado - fechando conexão
Backtrace:
#0 C:\xampp\htdocs\subrider\connection\Database.php(333): Database->getDebugBacktrace()
#1 C:\xampp\htdocs\subrider\connection\Database.php(310): Database->logDebug()

[2025-04-08 15:34:32] Conexão fechada com sucesso
Backtrace:
#0 C:\xampp\htdocs\subrider\connection\Database.php(333): Database->getDebugBacktrace()
#1 C:\xampp\htdocs\subrider\connection\Database.php(284): Database->logDebug()
#2 C:\xampp\htdocs\subrider\connection\Database.php(311): Database->close()

[2025-04-08 15:34:33] Destrutor chamado - fechando conexão
Backtrace:
#0 C:\xampp\htdocs\subrider\connection\Database.php(333): Database->getDebugBacktrace()
#1 C:\xampp\htdocs\subrider\connection\Database.php(310): Database->logDebug()

[2025-04-08 15:34:33] Conexão fechada com sucesso
Backtrace:
#0 C:\xampp\htdocs\subrider\connection\Database.php(333): Database->getDebugBacktrace()
#1 C:\xampp\htdocs\subrider\connection\Database.php(284): Database->logDebug()
#2 C:\xampp\htdocs\subrider\connection\Database.php(311): Database->close()

[2025-04-08 15:34:34] Destrutor chamado - fechando conexão
Backtrace:
#0 C:\xampp\htdocs\subrider\connection\Database.php(333): Database->getDebugBacktrace()
#1 C:\xampp\htdocs\subrider\connection\Database.php(310): Database->logDebug()

[2025-04-08 15:34:34] Conexão fechada com sucesso
Backtrace:
#0 C:\xampp\htdocs\subrider\connection\Database.php(333): Database->getDebugBacktrace()
#1 C:\xampp\htdocs\subrider\connection\Database.php(284): Database->logDebug()
#2 C:\xampp\htdocs\subrider\connection\Database.php(311): Database->close()

[2025-04-08 15:34:34] Destrutor chamado - fechando conexão
Backtrace:
#0 C:\xampp\htdocs\subrider\connection\Database.php(333): Database->getDebugBacktrace()
#1 C:\xampp\htdocs\subrider\connection\Database.php(310): Database->logDebug()

[2025-04-08 15:34:34] Conexão fechada com sucesso
Backtrace:
#0 C:\xampp\htdocs\subrider\connection\Database.php(333): Database->getDebugBacktrace()
#1 C:\xampp\htdocs\subrider\connection\Database.php(284): Database->logDebug()
#2 C:\xampp\htdocs\subrider\connection\Database.php(311): Database->close()

[2025-04-08 15:34:36] Destrutor chamado - fechando conexão
Backtrace:
#0 C:\xampp\htdocs\subrider\connection\Database.php(333): Database->getDebugBacktrace()
#1 C:\xampp\htdocs\subrider\connection\Database.php(310): Database->logDebug()

[2025-04-08 15:34:36] Conexão fechada com sucesso
Backtrace:
#0 C:\xampp\htdocs\subrider\connection\Database.php(333): Database->getDebugBacktrace()
#1 C:\xampp\htdocs\subrider\connection\Database.php(284): Database->logDebug()
#2 C:\xampp\htdocs\subrider\connection\Database.php(311): Database->close()

[2025-04-08 15:34:37] Destrutor chamado - fechando conexão
Backtrace:
#0 C:\xampp\htdocs\subrider\connection\Database.php(333): Database->getDebugBacktrace()
#1 C:\xampp\htdocs\subrider\connection\Database.php(310): Database->logDebug()

[2025-04-08 15:34:37] Conexão fechada com sucesso
Backtrace:
#0 C:\xampp\htdocs\subrider\connection\Database.php(333): Database->getDebugBacktrace()
#1 C:\xampp\htdocs\subrider\connection\Database.php(284): Database->logDebug()
#2 C:\xampp\htdocs\subrider\connection\Database.php(311): Database->close()

[2025-04-08 15:34:37] Destrutor chamado - fechando conexão
Backtrace:
#0 C:\xampp\htdocs\subrider\connection\Database.php(333): Database->getDebugBacktrace()
#1 C:\xampp\htdocs\subrider\connection\Database.php(310): Database->logDebug()

[2025-04-08 15:34:37] Conexão fechada com sucesso
Backtrace:
#0 C:\xampp\htdocs\subrider\connection\Database.php(333): Database->getDebugBacktrace()
#1 C:\xampp\htdocs\subrider\connection\Database.php(284): Database->logDebug()
#2 C:\xampp\htdocs\subrider\connection\Database.php(311): Database->close()

[2025-04-08 15:34:38] Destrutor chamado - fechando conexão
Backtrace:
#0 C:\xampp\htdocs\subrider\connection\Database.php(333): Database->getDebugBacktrace()
#1 C:\xampp\htdocs\subrider\connection\Database.php(310): Database->logDebug()

[2025-04-08 15:34:38] Conexão fechada com sucesso
Backtrace:
#0 C:\xampp\htdocs\subrider\connection\Database.php(333): Database->getDebugBacktrace()
#1 C:\xampp\htdocs\subrider\connection\Database.php(284): Database->logDebug()
#2 C:\xampp\htdocs\subrider\connection\Database.php(311): Database->close()

[2025-04-08 10:34:44] Destrutor chamado - fechando conexão
Backtrace:
#0 C:\xampp\htdocs\subrider\connection\Database.php(333): Database->getDebugBacktrace()
#1 C:\xampp\htdocs\subrider\connection\Database.php(310): Database->logDebug()

[2025-04-08 10:34:44] Conexão fechada com sucesso
Backtrace:
#0 C:\xampp\htdocs\subrider\connection\Database.php(333): Database->getDebugBacktrace()
#1 C:\xampp\htdocs\subrider\connection\Database.php(284): Database->logDebug()
#2 C:\xampp\htdocs\subrider\connection\Database.php(311): Database->close()

[2025-04-08 10:34:44] Destrutor chamado - fechando conexão
Backtrace:
#0 C:\xampp\htdocs\subrider\connection\Database.php(333): Database->getDebugBacktrace()
#1 C:\xampp\htdocs\subrider\connection\Database.php(310): Database->logDebug()

[2025-04-08 10:34:44] Conexão fechada com sucesso
Backtrace:
#0 C:\xampp\htdocs\subrider\connection\Database.php(333): Database->getDebugBacktrace()
#1 C:\xampp\htdocs\subrider\connection\Database.php(284): Database->logDebug()
#2 C:\xampp\htdocs\subrider\connection\Database.php(311): Database->close()

[2025-04-08 10:34:54] Destrutor chamado - fechando conexão
Backtrace:
#0 C:\xampp\htdocs\subrider\connection\Database.php(333): Database->getDebugBacktrace()
#1 C:\xampp\htdocs\subrider\connection\Database.php(310): Database->logDebug()

[2025-04-08 10:34:54] Conexão fechada com sucesso
Backtrace:
#0 C:\xampp\htdocs\subrider\connection\Database.php(333): Database->getDebugBacktrace()
#1 C:\xampp\htdocs\subrider\connection\Database.php(284): Database->logDebug()
#2 C:\xampp\htdocs\subrider\connection\Database.php(311): Database->close()

[2025-04-08 10:34:58] Destrutor chamado - fechando conexão
Backtrace:
#0 C:\xampp\htdocs\subrider\connection\Database.php(333): Database->getDebugBacktrace()
#1 C:\xampp\htdocs\subrider\connection\Database.php(310): Database->logDebug()

[2025-04-08 10:35:04] Destrutor chamado - fechando conexão
Backtrace:
#0 C:\xampp\htdocs\subrider\connection\Database.php(333): Database->getDebugBacktrace()
#1 C:\xampp\htdocs\subrider\connection\Database.php(310): Database->logDebug()

[2025-04-08 10:35:04] Conexão fechada com sucesso
Backtrace:
#0 C:\xampp\htdocs\subrider\connection\Database.php(333): Database->getDebugBacktrace()
#1 C:\xampp\htdocs\subrider\connection\Database.php(284): Database->logDebug()
#2 C:\xampp\htdocs\subrider\connection\Database.php(311): Database->close()

[2025-04-08 10:35:04] Destrutor chamado - fechando conexão
Backtrace:
#0 C:\xampp\htdocs\subrider\connection\Database.php(333): Database->getDebugBacktrace()
#1 C:\xampp\htdocs\subrider\connection\Database.php(310): Database->logDebug()

[2025-04-08 10:35:04] Conexão fechada com sucesso
Backtrace:
#0 C:\xampp\htdocs\subrider\connection\Database.php(333): Database->getDebugBacktrace()
#1 C:\xampp\htdocs\subrider\connection\Database.php(284): Database->logDebug()
#2 C:\xampp\htdocs\subrider\connection\Database.php(311): Database->close()

