[06-Apr-2025 12:50:41 America/Sao_Paulo] PHP Notice:  session_start(): Ignoring session_start() because a session is already active in C:\xampp\htdocs\subrider\scripts\log-in.php on line 55
[06-Apr-2025 12:50:55 America/Sao_Paulo] PHP Warning:  ini_set(): Session ini settings cannot be changed when a session is active in C:\xampp\htdocs\subrider\scripts\security.php on line 8
[06-Apr-2025 12:50:55 America/Sao_Paulo] PHP Warning:  ini_set(): Session ini settings cannot be changed when a session is active in C:\xampp\htdocs\subrider\scripts\security.php on line 9
[06-Apr-2025 12:50:55 America/Sao_Paulo] PHP Warning:  ini_set(): Session ini settings cannot be changed when a session is active in C:\xampp\htdocs\subrider\scripts\security.php on line 10
[06-Apr-2025 12:50:55 America/Sao_Paulo] PHP Warning:  session_set_cookie_params(): Session cookie parameters cannot be changed when a session is active in C:\xampp\htdocs\subrider\scripts\security.php on line 11
[06-Apr-2025 13:58:44 America/Sao_Paulo] PHP Warning:  ini_set(): Session ini settings cannot be changed when a session is active in C:\xampp\htdocs\subrider\scripts\system\session_manager.php on line 40
[06-Apr-2025 13:58:44 America/Sao_Paulo] PHP Warning:  ini_set(): Session ini settings cannot be changed when a session is active in C:\xampp\htdocs\subrider\scripts\system\session_manager.php on line 41
[06-Apr-2025 13:58:44 America/Sao_Paulo] PHP Warning:  ini_set(): Session ini settings cannot be changed when a session is active in C:\xampp\htdocs\subrider\scripts\system\session_manager.php on line 42
[06-Apr-2025 13:58:44 America/Sao_Paulo] PHP Warning:  ini_set(): Session ini settings cannot be changed when a session is active in C:\xampp\htdocs\subrider\scripts\system\session_manager.php on line 45
[06-Apr-2025 13:58:44 America/Sao_Paulo] PHP Warning:  ini_set(): Session ini settings cannot be changed when a session is active in C:\xampp\htdocs\subrider\scripts\system\session_manager.php on line 46
[06-Apr-2025 13:58:44 America/Sao_Paulo] PHP Warning:  session_set_cookie_params(): Session cookie parameters cannot be changed when a session is active in C:\xampp\htdocs\subrider\scripts\system\session_manager.php on line 48
[06-Apr-2025 13:59:01 America/Sao_Paulo] PHP Warning:  ini_set(): Session ini settings cannot be changed when a session is active in C:\xampp\htdocs\subrider\scripts\system\session_manager.php on line 40
[06-Apr-2025 13:59:01 America/Sao_Paulo] PHP Warning:  ini_set(): Session ini settings cannot be changed when a session is active in C:\xampp\htdocs\subrider\scripts\system\session_manager.php on line 41
[06-Apr-2025 13:59:01 America/Sao_Paulo] PHP Warning:  ini_set(): Session ini settings cannot be changed when a session is active in C:\xampp\htdocs\subrider\scripts\system\session_manager.php on line 42
[06-Apr-2025 13:59:01 America/Sao_Paulo] PHP Warning:  ini_set(): Session ini settings cannot be changed when a session is active in C:\xampp\htdocs\subrider\scripts\system\session_manager.php on line 45
[06-Apr-2025 13:59:01 America/Sao_Paulo] PHP Warning:  ini_set(): Session ini settings cannot be changed when a session is active in C:\xampp\htdocs\subrider\scripts\system\session_manager.php on line 46
[06-Apr-2025 13:59:01 America/Sao_Paulo] PHP Warning:  session_set_cookie_params(): Session cookie parameters cannot be changed when a session is active in C:\xampp\htdocs\subrider\scripts\system\session_manager.php on line 48
[06-Apr-2025 13:59:12 America/Sao_Paulo] PHP Warning:  ini_set(): Session ini settings cannot be changed when a session is active in C:\xampp\htdocs\subrider\scripts\system\session_manager.php on line 40
[06-Apr-2025 13:59:12 America/Sao_Paulo] PHP Warning:  ini_set(): Session ini settings cannot be changed when a session is active in C:\xampp\htdocs\subrider\scripts\system\session_manager.php on line 41
[06-Apr-2025 13:59:12 America/Sao_Paulo] PHP Warning:  ini_set(): Session ini settings cannot be changed when a session is active in C:\xampp\htdocs\subrider\scripts\system\session_manager.php on line 42
[06-Apr-2025 13:59:12 America/Sao_Paulo] PHP Warning:  ini_set(): Session ini settings cannot be changed when a session is active in C:\xampp\htdocs\subrider\scripts\system\session_manager.php on line 45
[06-Apr-2025 13:59:12 America/Sao_Paulo] PHP Warning:  ini_set(): Session ini settings cannot be changed when a session is active in C:\xampp\htdocs\subrider\scripts\system\session_manager.php on line 46
[06-Apr-2025 13:59:12 America/Sao_Paulo] PHP Warning:  session_set_cookie_params(): Session cookie parameters cannot be changed when a session is active in C:\xampp\htdocs\subrider\scripts\system\session_manager.php on line 48
[06-Apr-2025 13:59:12 America/Sao_Paulo] PHP Warning:  Undefined array key "id" in C:\xampp\htdocs\subrider\scripts\log-in.php on line 58
[06-Apr-2025 13:59:20 America/Sao_Paulo] PHP Warning:  ini_set(): Session ini settings cannot be changed when a session is active in C:\xampp\htdocs\subrider\scripts\system\session_manager.php on line 40
[06-Apr-2025 13:59:20 America/Sao_Paulo] PHP Warning:  ini_set(): Session ini settings cannot be changed when a session is active in C:\xampp\htdocs\subrider\scripts\system\session_manager.php on line 41
[06-Apr-2025 13:59:20 America/Sao_Paulo] PHP Warning:  ini_set(): Session ini settings cannot be changed when a session is active in C:\xampp\htdocs\subrider\scripts\system\session_manager.php on line 42
[06-Apr-2025 13:59:20 America/Sao_Paulo] PHP Warning:  ini_set(): Session ini settings cannot be changed when a session is active in C:\xampp\htdocs\subrider\scripts\system\session_manager.php on line 45
[06-Apr-2025 13:59:20 America/Sao_Paulo] PHP Warning:  ini_set(): Session ini settings cannot be changed when a session is active in C:\xampp\htdocs\subrider\scripts\system\session_manager.php on line 46
[06-Apr-2025 13:59:20 America/Sao_Paulo] PHP Warning:  session_set_cookie_params(): Session cookie parameters cannot be changed when a session is active in C:\xampp\htdocs\subrider\scripts\system\session_manager.php on line 48
[06-Apr-2025 17:35:55 America/Sao_Paulo] PHP Warning:  ini_set(): Session ini settings cannot be changed when a session is active in C:\xampp\htdocs\subrider\scripts\system\session_manager.php on line 40
[06-Apr-2025 17:35:55 America/Sao_Paulo] PHP Warning:  ini_set(): Session ini settings cannot be changed when a session is active in C:\xampp\htdocs\subrider\scripts\system\session_manager.php on line 41
[06-Apr-2025 17:35:55 America/Sao_Paulo] PHP Warning:  ini_set(): Session ini settings cannot be changed when a session is active in C:\xampp\htdocs\subrider\scripts\system\session_manager.php on line 42
[06-Apr-2025 17:35:55 America/Sao_Paulo] PHP Warning:  ini_set(): Session ini settings cannot be changed when a session is active in C:\xampp\htdocs\subrider\scripts\system\session_manager.php on line 45
[06-Apr-2025 17:35:55 America/Sao_Paulo] PHP Warning:  ini_set(): Session ini settings cannot be changed when a session is active in C:\xampp\htdocs\subrider\scripts\system\session_manager.php on line 46
[06-Apr-2025 17:35:55 America/Sao_Paulo] PHP Warning:  session_set_cookie_params(): Session cookie parameters cannot be changed when a session is active in C:\xampp\htdocs\subrider\scripts\system\session_manager.php on line 48
[06-Apr-2025 17:36:07 America/Sao_Paulo] PHP Warning:  ini_set(): Session ini settings cannot be changed when a session is active in C:\xampp\htdocs\subrider\scripts\system\session_manager.php on line 40
[06-Apr-2025 17:36:07 America/Sao_Paulo] PHP Warning:  ini_set(): Session ini settings cannot be changed when a session is active in C:\xampp\htdocs\subrider\scripts\system\session_manager.php on line 41
[06-Apr-2025 17:36:07 America/Sao_Paulo] PHP Warning:  ini_set(): Session ini settings cannot be changed when a session is active in C:\xampp\htdocs\subrider\scripts\system\session_manager.php on line 42
[06-Apr-2025 17:36:07 America/Sao_Paulo] PHP Warning:  ini_set(): Session ini settings cannot be changed when a session is active in C:\xampp\htdocs\subrider\scripts\system\session_manager.php on line 45
[06-Apr-2025 17:36:07 America/Sao_Paulo] PHP Warning:  ini_set(): Session ini settings cannot be changed when a session is active in C:\xampp\htdocs\subrider\scripts\system\session_manager.php on line 46
[06-Apr-2025 17:36:07 America/Sao_Paulo] PHP Warning:  session_set_cookie_params(): Session cookie parameters cannot be changed when a session is active in C:\xampp\htdocs\subrider\scripts\system\session_manager.php on line 48
[06-Apr-2025 17:36:07 America/Sao_Paulo] PHP Warning:  Undefined array key "id" in C:\xampp\htdocs\subrider\scripts\log-in.php on line 58
[06-Apr-2025 17:36:13 America/Sao_Paulo] PHP Warning:  ini_set(): Session ini settings cannot be changed when a session is active in C:\xampp\htdocs\subrider\scripts\system\session_manager.php on line 40
[06-Apr-2025 17:36:13 America/Sao_Paulo] PHP Warning:  ini_set(): Session ini settings cannot be changed when a session is active in C:\xampp\htdocs\subrider\scripts\system\session_manager.php on line 41
[06-Apr-2025 17:36:13 America/Sao_Paulo] PHP Warning:  ini_set(): Session ini settings cannot be changed when a session is active in C:\xampp\htdocs\subrider\scripts\system\session_manager.php on line 42
[06-Apr-2025 17:36:13 America/Sao_Paulo] PHP Warning:  ini_set(): Session ini settings cannot be changed when a session is active in C:\xampp\htdocs\subrider\scripts\system\session_manager.php on line 45
[06-Apr-2025 17:36:13 America/Sao_Paulo] PHP Warning:  ini_set(): Session ini settings cannot be changed when a session is active in C:\xampp\htdocs\subrider\scripts\system\session_manager.php on line 46
[06-Apr-2025 17:36:13 America/Sao_Paulo] PHP Warning:  session_set_cookie_params(): Session cookie parameters cannot be changed when a session is active in C:\xampp\htdocs\subrider\scripts\system\session_manager.php on line 48
